Diagnose log at 2026-08-04T07:42:53Z

AppPath: C:\Program Files\Git\mingw64\bin\git-credential-manager.exe
InstallDir: C:\Program Files\Git\mingw64\bin\
Version: 2.6.1+786ab03440ddc82e807a97c0e540f5247e44cec6

------------
Diagnostic: Environment
Skipped: False
Success: True
Exception: None
Log:
OSType: Windows
OSVersion: 10.0 (build 26200)
Reading environment variables... OK
 Variables:
HOMEPATH=\Users\user
DriverData=C:\Windows\System32\Drivers\DriverData
COMPUTERNAME=DESKTOP-3V3RVSH
GIT_TRACE2_PARENT_SID=d0e4d449-8981-4573-ad73-00f8f09c4b4d
CommonProgramFiles(x86)=C:\Program Files (x86)\Common Files
OneDrive=C:\Users\user\OneDrive - Alekya TechSolutions India LLP
EFC_9892_3789132940=1
SESSIONNAME=Console
TMP=C:\Users\user\AppData\Local\Temp
LC_CTYPE=C.UTF-8
PATHEXT=.COM;.EXE;.BAT;.CMD;.VBS;.VBE;.JS;.JSE;.WSF;.WSH;.MSC
EFC_9892_1262719628=1
GIT_EXEC_PATH=C:/Program Files/Git/mingw64/libexec/git-core
TEMP=C:\Users\user\AppData\Local\Temp
LOCALAPPDATA=C:\Users\user\AppData\Local
MSYSTEM=MINGW64
TERM=xterm-256color
ERLANG_HOME=C:\Program Files\Erlang OTP
COLORTERM=truecolor
JAVA_HOME=C:\Program Files\Java\jdk-17
USERDOMAIN=DESKTOP-3V3RVSH
PROCESSOR_REVISION=8e0c
Path=C:/Program Files/Git/mingw64/libexec/git-core;C:\Program Files\Git\mingw64\bin;C:\Program Files\Git\usr\bin;C:\Users\user\bin;C:\Program Files\Common Files\Oracle\Java\javapath;C:\WINDOWS\system32;C:\WINDOWS;C:\WINDOWS\System32\Wbem;C:\WINDOWS\System32\WindowsPowerShell\v1.0\;C:\WINDOWS\System32\OpenSSH\;C:\Program Files\Git\cmd;C:\Program Files\Microsoft SQL Server\150\Tools\Binn\;C:\Program Files\Microsoft SQL Server\Client SDK\ODBC\170\Tools\Binn\;C:\Program Files\dotnet\;C:\Program Files (x86)\Windows Kits\10\Windows Performance Toolkit\;C:\platform-tools;C:\Program Files\Redis;C:\server\nginx;C:\Program Files\MySQL\MySQL Server 8.0\bin;C:\Program Files (x86)\cloudflared\;C:\ProgramData\ComposerSetup\bin;C:\xampp\php;C:\Program Files\nodejs\;C:\Program Files\Docker\Docker\resources\bin;C:\Users\user\AppData\Local\Microsoft\WindowsApps;C:\flutter\src\flutter\bin;C:\Users\user\AppData\Local\Programs\Microsoft VS Code\bin;C:\Users\user\.dotnet\tools;C:\Users\user\AppData\Local\Programs\cursor\resources\app\bin;C:\Users\user\AppData\Roaming\Composer\vendor\bin;C:\Users\user\AppData\Roaming\npm
EFC_9892_1592913036=1
PROCESSOR_LEVEL=6
PROCESSOR_IDENTIFIER=Intel64 Family 6 Model 142 Stepping 12, GenuineIntel
TMPDIR=C:\Users\user\AppData\Local\Temp
PROMPT=$P$G
ProgramFiles(x86)=C:\Program Files (x86)
PUBLIC=C:\Users\Public
NUMBER_OF_PROCESSORS=8
FPS_BROWSER_USER_PROFILE_STRING=Default
CommonProgramFiles=C:\Program Files (x86)\Common Files
EFC_9892_4126798990=1
PLINK_PROTOCOL=ssh
ProgramData=C:\ProgramData
ProgramW6432=C:\Program Files
ProgramFiles=C:\Program Files (x86)
SystemRoot=C:\WINDOWS
HOME=C:\Users\user
CommonProgramW6432=C:\Program Files\Common Files
ZES_ENABLE_SYSMAN=1
LOGONSERVER=\\DESKTOP-3V3RVSH
USERPROFILE=C:\Users\user
USERDOMAIN_ROAMINGPROFILE=DESKTOP-3V3RVSH
APPDATA=C:\Users\user\AppData\Roaming
HOMEDRIVE=C:
OneDriveCommercial=C:\Users\user\OneDrive - Alekya TechSolutions India LLP
PSModulePath=C:\Program Files\WindowsPowerShell\Modules;C:\WINDOWS\system32\WindowsPowerShell\v1.0\Modules
EFC_9892_2775293581=1
USERNAME=user
PROCESSOR_ARCHITEW6432=AMD64
FPS_BROWSER_APP_PROFILE_STRING=Internet Explorer
PROCESSOR_ARCHITECTURE=x86
EFC_9892_2283032206=1
OS=Windows_NT
ComSpec=C:\WINDOWS\system32\cmd.exe
SystemDrive=C:
windir=C:\WINDOWS
ALLUSERSPROFILE=C:\ProgramData


------------
Diagnostic: File system
Skipped: False
Success: True
Exception: None
Log:
Temporary directory is 'C:\Users\user\AppData\Local\Temp\'...
Checking basic file I/O...
Writing to temporary file 'C:\Users\user\AppData\Local\Temp\68f949e4a2daf00b23f6162f'... OK
Reading from temporary file 'C:\Users\user\AppData\Local\Temp\68f949e4a2daf00b23f6162f'... OK
Deleting temporary file 'C:\Users\user\AppData\Local\Temp\68f949e4a2daf00b23f6162f'... OK
Testing IFileSystem instance...
UserHomePath: C:\Users\user
UserDataDirectoryPath: C:\Users\user\.gcm
GetCurrentDirectory(): C:\pdh\pinaka-delivery-hub

------------
Diagnostic: Networking
Skipped: False
Success: True
Exception: None
Log:
Checking networking and HTTP stack...
Creating HTTP client... OK
IsNetworkAvailable: True
Sending HEAD request to http://example.com...Sending HEAD request to https://example.com... OK
 OK
Acquiring free TCP port... OK
Testing local HTTP loopback connections...
Creating new HTTP listener for http://localhost:57441/... OK
Waiting for loopback connection... OK
Writing response... OK
Waiting for response data... OK
Loopback connection data OK

------------
Diagnostic: Git
Skipped: False
Success: True
Exception: None
Log:
Getting Git version... OK
Git version is '2.49.0.windows.1'
Locating current repository...Git repository at 'C:/pdh/pinaka-delivery-hub/.git'
 OK
Listing all Git configuration... OK
Git configuration:
file:C:/Program Files/Git/etc/gitconfig	diff.astextplain.textconv=astextplain
file:C:/Program Files/Git/etc/gitconfig	filter.lfs.clean=git-lfs clean -- %f
file:C:/Program Files/Git/etc/gitconfig	filter.lfs.smudge=git-lfs smudge -- %f
file:C:/Program Files/Git/etc/gitconfig	filter.lfs.process=git-lfs filter-process
file:C:/Program Files/Git/etc/gitconfig	filter.lfs.required=true
file:C:/Program Files/Git/etc/gitconfig	http.sslbackend=schannel
file:C:/Program Files/Git/etc/gitconfig	core.autocrlf=true
file:C:/Program Files/Git/etc/gitconfig	core.fscache=true
file:C:/Program Files/Git/etc/gitconfig	core.symlinks=false
file:C:/Program Files/Git/etc/gitconfig	pull.rebase=false
file:C:/Program Files/Git/etc/gitconfig	credential.helper=manager
file:C:/Program Files/Git/etc/gitconfig	credential.https://dev.azure.com.usehttppath=true
file:C:/Program Files/Git/etc/gitconfig	init.defaultbranch=master
file:C:/Users/user/.gitconfig	filter.lfs.clean=git-lfs clean -- %f
file:C:/Users/user/.gitconfig	filter.lfs.smudge=git-lfs smudge -- %f
file:C:/Users/user/.gitconfig	filter.lfs.process=git-lfs filter-process
file:C:/Users/user/.gitconfig	filter.lfs.required=true
file:C:/Users/user/.gitconfig	user.name=Kranthi1-23456789
file:C:/Users/user/.gitconfig	user.email=KranthiGodishala@AlekyaTechSolutions.com
file:C:/Users/user/.gitconfig	core.autocrlf=true
file:C:/Users/user/.gitconfig	difftool.sourcetree.cmd='' 
file:C:/Users/user/.gitconfig	mergetool.sourcetree.cmd='' 
file:C:/Users/user/.gitconfig	mergetool.sourcetree.trustexitcode=false
file:C:/Users/user/.gitconfig	mergetool.sourcetree.keepbackup=false
file:.git/config	core.repositoryformatversion=0
file:.git/config	core.filemode=false
file:.git/config	core.bare=false
file:.git/config	core.logallrefupdates=true
file:.git/config	core.symlinks=false
file:.git/config	core.ignorecase=true
file:.git/config	remote.origin.url=https://github.com/raghu-Alekya/pinaka-delivery-hub.git
file:.git/config	remote.origin.fetch=+refs/heads/*:refs/remotes/origin/*
file:.git/config	branch.main.remote=origin
file:.git/config	branch.main.merge=refs/heads/main
file:.git/config	branch.feature/canonical-model.remote=origin
file:.git/config	branch.feature/canonical-model.merge=refs/heads/develop


------------
Diagnostic: Credential storage
Skipped: False
Success: True
Exception: None
Log:
ICredentialStore instance is of type: CredentialStore
Writing test credential... OK
Reading test credential... OK
Deleting test credential... OK

------------
Diagnostic: Microsoft authentication (AAD/MSA)
Skipped: False
Success: True
Exception: None
Log:
Broker is not enabled.
Flow type is: Auto
Gathering MSAL token cache data... OK
CacheDirectory: C:\Users\user\AppData\Local\.IdentityService
CacheFileName: msal.cache
CacheFilePath: C:\Users\user\AppData\Local\.IdentityService\msal.cache
Creating cache helper... OK
Verifying MSAL token cache persistence... OK

------------
Diagnostic: GitHub API
Skipped: False
Success: True
Exception: None
Log:
Using 'https://github.com/' as API target.
Querying '/meta' endpoint... OK

